  Determining projects to restore...
  Restored E:\vs\Projects\PlatformIndependentNuGetPackages\SunamoDotNetZip\SunamoDotNetZip.Tests\SunamoDotNetZip.Tests.csproj (in 482 ms).
  Restored E:\vs\Projects\PlatformIndependentNuGetPackages\SunamoDotNetZip\RunnerDotNetZip\RunnerDotNetZip.csproj (in 482 ms).
  Restored E:\vs\Projects\PlatformIndependentNuGetPackages\SunamoDotNetZip\SunamoDotNetZip\SunamoDotNetZip.csproj (in 482 ms).
E:\vs\Projects\PlatformIndependentNuGetPackages\SunamoDotNetZip\SunamoDotNetZip\Zip\Deflate64\OutputWindow.cs(8,9): warning CS1570: XML comment has badly formed XML -- 'End tag was not expected at this location.' [E:\vs\Projects\PlatformIndependentNuGetPackages\SunamoDotNetZip\SunamoDotNetZip\SunamoDotNetZip.csproj::TargetFramework=net8.0]
E:\vs\Projects\PlatformIndependentNuGetPackages\SunamoDotNetZip\SunamoDotNetZip\Zip\FileAttributeHelper.cs(6,9): warning CS1570: XML comment has badly formed XML -- 'End tag was not expected at this location.' [E:\vs\Projects\PlatformIndependentNuGetPackages\SunamoDotNetZip\SunamoDotNetZip\SunamoDotNetZip.csproj::TargetFramework=net8.0]
E:\vs\Projects\PlatformIndependentNuGetPackages\SunamoDotNetZip\SunamoDotNetZip\BZip2\ParallelBZip2OutputStream.cs(186,22): error CS0246: The type or namespace name 'Lock' could not be found (are you missing a using directive or an assembly reference?) [E:\vs\Projects\PlatformIndependentNuGetPackages\SunamoDotNetZip\SunamoDotNetZip\SunamoDotNetZip.csproj::TargetFramework=net8.0]
E:\vs\Projects\PlatformIndependentNuGetPackages\SunamoDotNetZip\SunamoDotNetZip\BZip2\ParallelBZip2OutputStream.cs(187,22): error CS0246: The type or namespace name 'Lock' could not be found (are you missing a using directive or an assembly reference?) [E:\vs\Projects\PlatformIndependentNuGetPackages\SunamoDotNetZip\SunamoDotNetZip\SunamoDotNetZip.csproj::TargetFramework=net8.0]
E:\vs\Projects\PlatformIndependentNuGetPackages\SunamoDotNetZip\SunamoDotNetZip\BZip2\ParallelBZip2OutputStream.cs(188,22): error CS0246: The type or namespace name 'Lock' could not be found (are you missing a using directive or an assembly reference?) [E:\vs\Projects\PlatformIndependentNuGetPackages\SunamoDotNetZip\SunamoDotNetZip\SunamoDotNetZip.csproj::TargetFramework=net8.0]
E:\vs\Projects\PlatformIndependentNuGetPackages\SunamoDotNetZip\SunamoDotNetZip\Zlib\ParallelDeflateOutputStream.cs(101,22): error CS0246: The type or namespace name 'Lock' could not be found (are you missing a using directive or an assembly reference?) [E:\vs\Projects\PlatformIndependentNuGetPackages\SunamoDotNetZip\SunamoDotNetZip\SunamoDotNetZip.csproj::TargetFramework=net8.0]
E:\vs\Projects\PlatformIndependentNuGetPackages\SunamoDotNetZip\SunamoDotNetZip\Zlib\ParallelDeflateOutputStream.cs(110,22): error CS0246: The type or namespace name 'Lock' could not be found (are you missing a using directive or an assembly reference?) [E:\vs\Projects\PlatformIndependentNuGetPackages\SunamoDotNetZip\SunamoDotNetZip\SunamoDotNetZip.csproj::TargetFramework=net8.0]
E:\vs\Projects\PlatformIndependentNuGetPackages\SunamoDotNetZip\SunamoDotNetZip\Zlib\ParallelDeflateOutputStream.cs(117,22): error CS0246: The type or namespace name 'Lock' could not be found (are you missing a using directive or an assembly reference?) [E:\vs\Projects\PlatformIndependentNuGetPackages\SunamoDotNetZip\SunamoDotNetZip\SunamoDotNetZip.csproj::TargetFramework=net8.0]
E:\vs\Projects\PlatformIndependentNuGetPackages\SunamoDotNetZip\SunamoDotNetZip\Zip\ZipFile.cs(3549,22): error CS0246: The type or namespace name 'Lock' could not be found (are you missing a using directive or an assembly reference?) [E:\vs\Projects\PlatformIndependentNuGetPackages\SunamoDotNetZip\SunamoDotNetZip\SunamoDotNetZip.csproj::TargetFramework=net8.0]
E:\vs\Projects\PlatformIndependentNuGetPackages\SunamoDotNetZip\SunamoDotNetZip\Zip\ZipEntry.Write.cs(2250,26): error CS0246: The type or namespace name 'Lock' could not be found (are you missing a using directive or an assembly reference?) [E:\vs\Projects\PlatformIndependentNuGetPackages\SunamoDotNetZip\SunamoDotNetZip\SunamoDotNetZip.csproj::TargetFramework=net8.0]
E:\vs\Projects\PlatformIndependentNuGetPackages\SunamoDotNetZip\SunamoDotNetZip\Zip\Deflate64\OutputWindow.cs(8,9): warning CS1570: XML comment has badly formed XML -- 'End tag was not expected at this location.' [E:\vs\Projects\PlatformIndependentNuGetPackages\SunamoDotNetZip\SunamoDotNetZip\SunamoDotNetZip.csproj::TargetFramework=net10.0]
E:\vs\Projects\PlatformIndependentNuGetPackages\SunamoDotNetZip\SunamoDotNetZip\Zip\FileAttributeHelper.cs(6,9): warning CS1570: XML comment has badly formed XML -- 'End tag was not expected at this location.' [E:\vs\Projects\PlatformIndependentNuGetPackages\SunamoDotNetZip\SunamoDotNetZip\SunamoDotNetZip.csproj::TargetFramework=net10.0]
E:\vs\Projects\PlatformIndependentNuGetPackages\SunamoDotNetZip\SunamoDotNetZip\Zip\Exceptions.cs(229,9): warning SYSLIB0051: 'Exception.Exception(SerializationInfo, StreamingContext)' is obsolete: 'This API supports obsolete formatter-based serialization. It should not be called or extended by application code.' (https://aka.ms/dotnet-warnings/SYSLIB0051) [E:\vs\Projects\PlatformIndependentNuGetPackages\SunamoDotNetZip\SunamoDotNetZip\SunamoDotNetZip.csproj::TargetFramework=net10.0]
E:\vs\Projects\PlatformIndependentNuGetPackages\SunamoDotNetZip\SunamoDotNetZip\Zip\ZipFile.Save.cs(640,17): error CS0103: The name 't' does not exist in the current context [E:\vs\Projects\PlatformIndependentNuGetPackages\SunamoDotNetZip\SunamoDotNetZip\SunamoDotNetZip.csproj::TargetFramework=net10.0]
E:\vs\Projects\PlatformIndependentNuGetPackages\SunamoDotNetZip\SunamoDotNetZip\Zip\ZipFile.Save.cs(641,42): error CS0103: The name 't' does not exist in the current context [E:\vs\Projects\PlatformIndependentNuGetPackages\SunamoDotNetZip\SunamoDotNetZip\SunamoDotNetZip.csproj::TargetFramework=net10.0]
E:\vs\Projects\PlatformIndependentNuGetPackages\SunamoDotNetZip\SunamoDotNetZip\Zip\ZipFile.Save.cs(643,26): error CS0103: The name 't' does not exist in the current context [E:\vs\Projects\PlatformIndependentNuGetPackages\SunamoDotNetZip\SunamoDotNetZip\SunamoDotNetZip.csproj::TargetFramework=net10.0]
E:\vs\Projects\PlatformIndependentNuGetPackages\SunamoDotNetZip\SunamoDotNetZip\Zip\Shared.cs(507,37): warning SYSLIB0003: 'SecurityPermission' is obsolete: 'Code Access Security is not supported or honored by the runtime.' (https://aka.ms/dotnet-warnings/SYSLIB0003) [E:\vs\Projects\PlatformIndependentNuGetPackages\SunamoDotNetZip\SunamoDotNetZip\SunamoDotNetZip.csproj::TargetFramework=net10.0]
E:\vs\Projects\PlatformIndependentNuGetPackages\SunamoDotNetZip\SunamoDotNetZip\Zip\Shared.cs(508,21): warning SYSLIB0003: 'SecurityPermissionFlag' is obsolete: 'Code Access Security is not supported or honored by the runtime.' (https://aka.ms/dotnet-warnings/SYSLIB0003) [E:\vs\Projects\PlatformIndependentNuGetPackages\SunamoDotNetZip\SunamoDotNetZip\SunamoDotNetZip.csproj::TargetFramework=net10.0]
E:\vs\Projects\PlatformIndependentNuGetPackages\SunamoDotNetZip\SunamoDotNetZip\Zip\ZipEntry.Read.cs(252,35): error CS0103: The name 's' does not exist in the current context [E:\vs\Projects\PlatformIndependentNuGetPackages\SunamoDotNetZip\SunamoDotNetZip\SunamoDotNetZip.csproj::TargetFramework=net10.0]
E:\vs\Projects\PlatformIndependentNuGetPackages\SunamoDotNetZip\SunamoDotNetZip\Zip\ZipEntry.Read.cs(254,99): error CS0103: The name 's' does not exist in the current context [E:\vs\Projects\PlatformIndependentNuGetPackages\SunamoDotNetZip\SunamoDotNetZip\SunamoDotNetZip.csproj::TargetFramework=net10.0]
E:\vs\Projects\PlatformIndependentNuGetPackages\SunamoDotNetZip\SunamoDotNetZip\Zlib\ZlibBaseStream.cs(342,13): warning CA2022: Avoid inexact read with 'Ionic.Zlib.ZlibBaseStream.Read(byte[], int, int)' (https://learn.microsoft.com/dotnet/fundamentals/code-analysis/quality-rules/ca2022) [E:\vs\Projects\PlatformIndependentNuGetPackages\SunamoDotNetZip\SunamoDotNetZip\SunamoDotNetZip.csproj::TargetFramework=net10.0]
E:\vs\Projects\PlatformIndependentNuGetPackages\SunamoDotNetZip\SunamoDotNetZip\Zip\ZipEntry.cs(2498,13): warning CA2022: Avoid inexact read with 'System.IO.Stream.Read(byte[], int, int)' (https://learn.microsoft.com/dotnet/fundamentals/code-analysis/quality-rules/ca2022) [E:\vs\Projects\PlatformIndependentNuGetPackages\SunamoDotNetZip\SunamoDotNetZip\SunamoDotNetZip.csproj::TargetFramework=net10.0]
E:\vs\Projects\PlatformIndependentNuGetPackages\SunamoDotNetZip\SunamoDotNetZip\Zip\ZipEntry.Read.cs(38,9): warning CA2022: Avoid inexact read with 'System.IO.Stream.Read(byte[], int, int)' (https://learn.microsoft.com/dotnet/fundamentals/code-analysis/quality-rules/ca2022) [E:\vs\Projects\PlatformIndependentNuGetPackages\SunamoDotNetZip\SunamoDotNetZip\SunamoDotNetZip.csproj::TargetFramework=net10.0]
E:\vs\Projects\PlatformIndependentNuGetPackages\SunamoDotNetZip\SunamoDotNetZip\Zip\ZipFile.Read.cs(567,17): warning CA2022: Avoid inexact read with 'System.IO.Stream.Read(byte[], int, int)' (https://learn.microsoft.com/dotnet/fundamentals/code-analysis/quality-rules/ca2022) [E:\vs\Projects\PlatformIndependentNuGetPackages\SunamoDotNetZip\SunamoDotNetZip\SunamoDotNetZip.csproj::TargetFramework=net10.0]
E:\vs\Projects\PlatformIndependentNuGetPackages\SunamoDotNetZip\SunamoDotNetZip\Zip\ZipFile.Read.cs(618,9): warning CA2022: Avoid inexact read with 'System.IO.Stream.Read(byte[], int, int)' (https://learn.microsoft.com/dotnet/fundamentals/code-analysis/quality-rules/ca2022) [E:\vs\Projects\PlatformIndependentNuGetPackages\SunamoDotNetZip\SunamoDotNetZip\SunamoDotNetZip.csproj::TargetFramework=net10.0]
E:\vs\Projects\PlatformIndependentNuGetPackages\SunamoDotNetZip\SunamoDotNetZip\Zip\ZipFile.Read.cs(628,9): warning CA2022: Avoid inexact read with 'System.IO.Stream.Read(byte[], int, int)' (https://learn.microsoft.com/dotnet/fundamentals/code-analysis/quality-rules/ca2022) [E:\vs\Projects\PlatformIndependentNuGetPackages\SunamoDotNetZip\SunamoDotNetZip\SunamoDotNetZip.csproj::TargetFramework=net10.0]
E:\vs\Projects\PlatformIndependentNuGetPackages\SunamoDotNetZip\SunamoDotNetZip\Zip\ZipFile.Read.cs(631,9): warning CA2022: Avoid inexact read with 'System.IO.Stream.Read(byte[], int, int)' (https://learn.microsoft.com/dotnet/fundamentals/code-analysis/quality-rules/ca2022) [E:\vs\Projects\PlatformIndependentNuGetPackages\SunamoDotNetZip\SunamoDotNetZip\SunamoDotNetZip.csproj::TargetFramework=net10.0]
E:\vs\Projects\PlatformIndependentNuGetPackages\SunamoDotNetZip\SunamoDotNetZip\Zip\ZipFile.Read.cs(760,13): warning CA2022: Avoid inexact read with 'System.IO.Stream.Read(byte[], int, int)' (https://learn.microsoft.com/dotnet/fundamentals/code-analysis/quality-rules/ca2022) [E:\vs\Projects\PlatformIndependentNuGetPackages\SunamoDotNetZip\SunamoDotNetZip\SunamoDotNetZip.csproj::TargetFramework=net10.0]
E:\vs\Projects\PlatformIndependentNuGetPackages\SunamoDotNetZip\SunamoDotNetZip\Zip\ZipFile.Read.cs(772,13): warning CA2022: Avoid inexact read with 'System.IO.Stream.Read(byte[], int, int)' (https://learn.microsoft.com/dotnet/fundamentals/code-analysis/quality-rules/ca2022) [E:\vs\Projects\PlatformIndependentNuGetPackages\SunamoDotNetZip\SunamoDotNetZip\SunamoDotNetZip.csproj::TargetFramework=net10.0]
E:\vs\Projects\PlatformIndependentNuGetPackages\SunamoDotNetZip\SunamoDotNetZip\Zip\ZipFile.Read.cs(778,13): warning CA2022: Avoid inexact read with 'System.IO.Stream.Read(byte[], int, int)' (https://learn.microsoft.com/dotnet/fundamentals/code-analysis/quality-rules/ca2022) [E:\vs\Projects\PlatformIndependentNuGetPackages\SunamoDotNetZip\SunamoDotNetZip\SunamoDotNetZip.csproj::TargetFramework=net10.0]
E:\vs\Projects\PlatformIndependentNuGetPackages\SunamoDotNetZip\SunamoDotNetZip\Zip\ZipFile.Read.cs(792,9): warning CA2022: Avoid inexact read with 'System.IO.Stream.Read(byte[], int, int)' (https://learn.microsoft.com/dotnet/fundamentals/code-analysis/quality-rules/ca2022) [E:\vs\Projects\PlatformIndependentNuGetPackages\SunamoDotNetZip\SunamoDotNetZip\SunamoDotNetZip.csproj::TargetFramework=net10.0]
E:\vs\Projects\PlatformIndependentNuGetPackages\SunamoDotNetZip\SunamoDotNetZip\Zip\ZipFile.Read.cs(816,9): warning CA2022: Avoid inexact read with 'System.IO.Stream.Read(byte[], int, int)' (https://learn.microsoft.com/dotnet/fundamentals/code-analysis/quality-rules/ca2022) [E:\vs\Projects\PlatformIndependentNuGetPackages\SunamoDotNetZip\SunamoDotNetZip\SunamoDotNetZip.csproj::TargetFramework=net10.0]
E:\vs\Projects\PlatformIndependentNuGetPackages\SunamoDotNetZip\SunamoDotNetZip\Zip\ZipFile.Read.cs(821,13): warning CA2022: Avoid inexact read with 'System.IO.Stream.Read(byte[], int, int)' (https://learn.microsoft.com/dotnet/fundamentals/code-analysis/quality-rules/ca2022) [E:\vs\Projects\PlatformIndependentNuGetPackages\SunamoDotNetZip\SunamoDotNetZip\SunamoDotNetZip.csproj::TargetFramework=net10.0]
E:\vs\Projects\PlatformIndependentNuGetPackages\SunamoDotNetZip\SunamoDotNetZip\Zip\ZipEntry.Write.cs(2147,21): warning CA2022: Avoid inexact read with 'Ionic.Zip.CountingStream.Read(byte[], int, int)' (https://learn.microsoft.com/dotnet/fundamentals/code-analysis/quality-rules/ca2022) [E:\vs\Projects\PlatformIndependentNuGetPackages\SunamoDotNetZip\SunamoDotNetZip\SunamoDotNetZip.csproj::TargetFramework=net10.0]
E:\vs\Projects\PlatformIndependentNuGetPackages\SunamoDotNetZip\SunamoDotNetZip\Zip\Deflate64\OutputWindow.cs(8,9): warning CS1570: XML comment has badly formed XML -- 'End tag was not expected at this location.' [E:\vs\Projects\PlatformIndependentNuGetPackages\SunamoDotNetZip\SunamoDotNetZip\SunamoDotNetZip.csproj::TargetFramework=net9.0]
E:\vs\Projects\PlatformIndependentNuGetPackages\SunamoDotNetZip\SunamoDotNetZip\Zip\FileAttributeHelper.cs(6,9): warning CS1570: XML comment has badly formed XML -- 'End tag was not expected at this location.' [E:\vs\Projects\PlatformIndependentNuGetPackages\SunamoDotNetZip\SunamoDotNetZip\SunamoDotNetZip.csproj::TargetFramework=net9.0]
E:\vs\Projects\PlatformIndependentNuGetPackages\SunamoDotNetZip\SunamoDotNetZip\Zip\Exceptions.cs(229,9): warning SYSLIB0051: 'Exception.Exception(SerializationInfo, StreamingContext)' is obsolete: 'This API supports obsolete formatter-based serialization. It should not be called or extended by application code.' (https://aka.ms/dotnet-warnings/SYSLIB0051) [E:\vs\Projects\PlatformIndependentNuGetPackages\SunamoDotNetZip\SunamoDotNetZip\SunamoDotNetZip.csproj::TargetFramework=net9.0]
E:\vs\Projects\PlatformIndependentNuGetPackages\SunamoDotNetZip\SunamoDotNetZip\Zip\Shared.cs(507,37): warning SYSLIB0003: 'SecurityPermission' is obsolete: 'Code Access Security is not supported or honored by the runtime.' (https://aka.ms/dotnet-warnings/SYSLIB0003) [E:\vs\Projects\PlatformIndependentNuGetPackages\SunamoDotNetZip\SunamoDotNetZip\SunamoDotNetZip.csproj::TargetFramework=net9.0]
E:\vs\Projects\PlatformIndependentNuGetPackages\SunamoDotNetZip\SunamoDotNetZip\Zip\Shared.cs(508,21): warning SYSLIB0003: 'SecurityPermissionFlag' is obsolete: 'Code Access Security is not supported or honored by the runtime.' (https://aka.ms/dotnet-warnings/SYSLIB0003) [E:\vs\Projects\PlatformIndependentNuGetPackages\SunamoDotNetZip\SunamoDotNetZip\SunamoDotNetZip.csproj::TargetFramework=net9.0]
E:\vs\Projects\PlatformIndependentNuGetPackages\SunamoDotNetZip\SunamoDotNetZip\Zip\ZipFile.Save.cs(640,17): error CS0103: The name 't' does not exist in the current context [E:\vs\Projects\PlatformIndependentNuGetPackages\SunamoDotNetZip\SunamoDotNetZip\SunamoDotNetZip.csproj::TargetFramework=net9.0]
E:\vs\Projects\PlatformIndependentNuGetPackages\SunamoDotNetZip\SunamoDotNetZip\Zip\ZipFile.Save.cs(641,42): error CS0103: The name 't' does not exist in the current context [E:\vs\Projects\PlatformIndependentNuGetPackages\SunamoDotNetZip\SunamoDotNetZip\SunamoDotNetZip.csproj::TargetFramework=net9.0]
E:\vs\Projects\PlatformIndependentNuGetPackages\SunamoDotNetZip\SunamoDotNetZip\Zip\ZipFile.Save.cs(643,26): error CS0103: The name 't' does not exist in the current context [E:\vs\Projects\PlatformIndependentNuGetPackages\SunamoDotNetZip\SunamoDotNetZip\SunamoDotNetZip.csproj::TargetFramework=net9.0]
E:\vs\Projects\PlatformIndependentNuGetPackages\SunamoDotNetZip\SunamoDotNetZip\Zip\ZipEntry.Read.cs(252,35): error CS0103: The name 's' does not exist in the current context [E:\vs\Projects\PlatformIndependentNuGetPackages\SunamoDotNetZip\SunamoDotNetZip\SunamoDotNetZip.csproj::TargetFramework=net9.0]
E:\vs\Projects\PlatformIndependentNuGetPackages\SunamoDotNetZip\SunamoDotNetZip\Zip\ZipEntry.Read.cs(254,99): error CS0103: The name 's' does not exist in the current context [E:\vs\Projects\PlatformIndependentNuGetPackages\SunamoDotNetZip\SunamoDotNetZip\SunamoDotNetZip.csproj::TargetFramework=net9.0]
E:\vs\Projects\PlatformIndependentNuGetPackages\SunamoDotNetZip\SunamoDotNetZip\Zlib\ZlibBaseStream.cs(342,13): warning CA2022: Avoid inexact read with 'Ionic.Zlib.ZlibBaseStream.Read(byte[], int, int)' (https://learn.microsoft.com/dotnet/fundamentals/code-analysis/quality-rules/ca2022) [E:\vs\Projects\PlatformIndependentNuGetPackages\SunamoDotNetZip\SunamoDotNetZip\SunamoDotNetZip.csproj::TargetFramework=net9.0]
E:\vs\Projects\PlatformIndependentNuGetPackages\SunamoDotNetZip\SunamoDotNetZip\Zip\ZipEntry.cs(2498,13): warning CA2022: Avoid inexact read with 'System.IO.Stream.Read(byte[], int, int)' (https://learn.microsoft.com/dotnet/fundamentals/code-analysis/quality-rules/ca2022) [E:\vs\Projects\PlatformIndependentNuGetPackages\SunamoDotNetZip\SunamoDotNetZip\SunamoDotNetZip.csproj::TargetFramework=net9.0]
E:\vs\Projects\PlatformIndependentNuGetPackages\SunamoDotNetZip\SunamoDotNetZip\Zip\ZipEntry.Read.cs(38,9): warning CA2022: Avoid inexact read with 'System.IO.Stream.Read(byte[], int, int)' (https://learn.microsoft.com/dotnet/fundamentals/code-analysis/quality-rules/ca2022) [E:\vs\Projects\PlatformIndependentNuGetPackages\SunamoDotNetZip\SunamoDotNetZip\SunamoDotNetZip.csproj::TargetFramework=net9.0]
E:\vs\Projects\PlatformIndependentNuGetPackages\SunamoDotNetZip\SunamoDotNetZip\Zip\ZipFile.Read.cs(567,17): warning CA2022: Avoid inexact read with 'System.IO.Stream.Read(byte[], int, int)' (https://learn.microsoft.com/dotnet/fundamentals/code-analysis/quality-rules/ca2022) [E:\vs\Projects\PlatformIndependentNuGetPackages\SunamoDotNetZip\SunamoDotNetZip\SunamoDotNetZip.csproj::TargetFramework=net9.0]
E:\vs\Projects\PlatformIndependentNuGetPackages\SunamoDotNetZip\SunamoDotNetZip\Zip\ZipFile.Read.cs(618,9): warning CA2022: Avoid inexact read with 'System.IO.Stream.Read(byte[], int, int)' (https://learn.microsoft.com/dotnet/fundamentals/code-analysis/quality-rules/ca2022) [E:\vs\Projects\PlatformIndependentNuGetPackages\SunamoDotNetZip\SunamoDotNetZip\SunamoDotNetZip.csproj::TargetFramework=net9.0]
E:\vs\Projects\PlatformIndependentNuGetPackages\SunamoDotNetZip\SunamoDotNetZip\Zip\ZipFile.Read.cs(628,9): warning CA2022: Avoid inexact read with 'System.IO.Stream.Read(byte[], int, int)' (https://learn.microsoft.com/dotnet/fundamentals/code-analysis/quality-rules/ca2022) [E:\vs\Projects\PlatformIndependentNuGetPackages\SunamoDotNetZip\SunamoDotNetZip\SunamoDotNetZip.csproj::TargetFramework=net9.0]
E:\vs\Projects\PlatformIndependentNuGetPackages\SunamoDotNetZip\SunamoDotNetZip\Zip\ZipFile.Read.cs(631,9): warning CA2022: Avoid inexact read with 'System.IO.Stream.Read(byte[], int, int)' (https://learn.microsoft.com/dotnet/fundamentals/code-analysis/quality-rules/ca2022) [E:\vs\Projects\PlatformIndependentNuGetPackages\SunamoDotNetZip\SunamoDotNetZip\SunamoDotNetZip.csproj::TargetFramework=net9.0]
E:\vs\Projects\PlatformIndependentNuGetPackages\SunamoDotNetZip\SunamoDotNetZip\Zip\ZipFile.Read.cs(760,13): warning CA2022: Avoid inexact read with 'System.IO.Stream.Read(byte[], int, int)' (https://learn.microsoft.com/dotnet/fundamentals/code-analysis/quality-rules/ca2022) [E:\vs\Projects\PlatformIndependentNuGetPackages\SunamoDotNetZip\SunamoDotNetZip\SunamoDotNetZip.csproj::TargetFramework=net9.0]
E:\vs\Projects\PlatformIndependentNuGetPackages\SunamoDotNetZip\SunamoDotNetZip\Zip\ZipFile.Read.cs(772,13): warning CA2022: Avoid inexact read with 'System.IO.Stream.Read(byte[], int, int)' (https://learn.microsoft.com/dotnet/fundamentals/code-analysis/quality-rules/ca2022) [E:\vs\Projects\PlatformIndependentNuGetPackages\SunamoDotNetZip\SunamoDotNetZip\SunamoDotNetZip.csproj::TargetFramework=net9.0]
E:\vs\Projects\PlatformIndependentNuGetPackages\SunamoDotNetZip\SunamoDotNetZip\Zip\ZipFile.Read.cs(778,13): warning CA2022: Avoid inexact read with 'System.IO.Stream.Read(byte[], int, int)' (https://learn.microsoft.com/dotnet/fundamentals/code-analysis/quality-rules/ca2022) [E:\vs\Projects\PlatformIndependentNuGetPackages\SunamoDotNetZip\SunamoDotNetZip\SunamoDotNetZip.csproj::TargetFramework=net9.0]
E:\vs\Projects\PlatformIndependentNuGetPackages\SunamoDotNetZip\SunamoDotNetZip\Zip\ZipFile.Read.cs(792,9): warning CA2022: Avoid inexact read with 'System.IO.Stream.Read(byte[], int, int)' (https://learn.microsoft.com/dotnet/fundamentals/code-analysis/quality-rules/ca2022) [E:\vs\Projects\PlatformIndependentNuGetPackages\SunamoDotNetZip\SunamoDotNetZip\SunamoDotNetZip.csproj::TargetFramework=net9.0]
E:\vs\Projects\PlatformIndependentNuGetPackages\SunamoDotNetZip\SunamoDotNetZip\Zip\ZipFile.Read.cs(816,9): warning CA2022: Avoid inexact read with 'System.IO.Stream.Read(byte[], int, int)' (https://learn.microsoft.com/dotnet/fundamentals/code-analysis/quality-rules/ca2022) [E:\vs\Projects\PlatformIndependentNuGetPackages\SunamoDotNetZip\SunamoDotNetZip\SunamoDotNetZip.csproj::TargetFramework=net9.0]
E:\vs\Projects\PlatformIndependentNuGetPackages\SunamoDotNetZip\SunamoDotNetZip\Zip\ZipFile.Read.cs(821,13): warning CA2022: Avoid inexact read with 'System.IO.Stream.Read(byte[], int, int)' (https://learn.microsoft.com/dotnet/fundamentals/code-analysis/quality-rules/ca2022) [E:\vs\Projects\PlatformIndependentNuGetPackages\SunamoDotNetZip\SunamoDotNetZip\SunamoDotNetZip.csproj::TargetFramework=net9.0]
E:\vs\Projects\PlatformIndependentNuGetPackages\SunamoDotNetZip\SunamoDotNetZip\Zip\ZipEntry.Write.cs(2147,21): warning CA2022: Avoid inexact read with 'Ionic.Zip.CountingStream.Read(byte[], int, int)' (https://learn.microsoft.com/dotnet/fundamentals/code-analysis/quality-rules/ca2022) [E:\vs\Projects\PlatformIndependentNuGetPackages\SunamoDotNetZip\SunamoDotNetZip\SunamoDotNetZip.csproj::TargetFramework=net9.0]

Build FAILED.

E:\vs\Projects\PlatformIndependentNuGetPackages\SunamoDotNetZip\SunamoDotNetZip\Zip\Deflate64\OutputWindow.cs(8,9): warning CS1570: XML comment has badly formed XML -- 'End tag was not expected at this location.' [E:\vs\Projects\PlatformIndependentNuGetPackages\SunamoDotNetZip\SunamoDotNetZip\SunamoDotNetZip.csproj::TargetFramework=net8.0]
E:\vs\Projects\PlatformIndependentNuGetPackages\SunamoDotNetZip\SunamoDotNetZip\Zip\FileAttributeHelper.cs(6,9): warning CS1570: XML comment has badly formed XML -- 'End tag was not expected at this location.' [E:\vs\Projects\PlatformIndependentNuGetPackages\SunamoDotNetZip\SunamoDotNetZip\SunamoDotNetZip.csproj::TargetFramework=net8.0]
E:\vs\Projects\PlatformIndependentNuGetPackages\SunamoDotNetZip\SunamoDotNetZip\Zip\Deflate64\OutputWindow.cs(8,9): warning CS1570: XML comment has badly formed XML -- 'End tag was not expected at this location.' [E:\vs\Projects\PlatformIndependentNuGetPackages\SunamoDotNetZip\SunamoDotNetZip\SunamoDotNetZip.csproj::TargetFramework=net10.0]
E:\vs\Projects\PlatformIndependentNuGetPackages\SunamoDotNetZip\SunamoDotNetZip\Zip\FileAttributeHelper.cs(6,9): warning CS1570: XML comment has badly formed XML -- 'End tag was not expected at this location.' [E:\vs\Projects\PlatformIndependentNuGetPackages\SunamoDotNetZip\SunamoDotNetZip\SunamoDotNetZip.csproj::TargetFramework=net10.0]
E:\vs\Projects\PlatformIndependentNuGetPackages\SunamoDotNetZip\SunamoDotNetZip\Zip\Exceptions.cs(229,9): warning SYSLIB0051: 'Exception.Exception(SerializationInfo, StreamingContext)' is obsolete: 'This API supports obsolete formatter-based serialization. It should not be called or extended by application code.' (https://aka.ms/dotnet-warnings/SYSLIB0051) [E:\vs\Projects\PlatformIndependentNuGetPackages\SunamoDotNetZip\SunamoDotNetZip\SunamoDotNetZip.csproj::TargetFramework=net10.0]
E:\vs\Projects\PlatformIndependentNuGetPackages\SunamoDotNetZip\SunamoDotNetZip\Zip\Shared.cs(507,37): warning SYSLIB0003: 'SecurityPermission' is obsolete: 'Code Access Security is not supported or honored by the runtime.' (https://aka.ms/dotnet-warnings/SYSLIB0003) [E:\vs\Projects\PlatformIndependentNuGetPackages\SunamoDotNetZip\SunamoDotNetZip\SunamoDotNetZip.csproj::TargetFramework=net10.0]
E:\vs\Projects\PlatformIndependentNuGetPackages\SunamoDotNetZip\SunamoDotNetZip\Zip\Shared.cs(508,21): warning SYSLIB0003: 'SecurityPermissionFlag' is obsolete: 'Code Access Security is not supported or honored by the runtime.' (https://aka.ms/dotnet-warnings/SYSLIB0003) [E:\vs\Projects\PlatformIndependentNuGetPackages\SunamoDotNetZip\SunamoDotNetZip\SunamoDotNetZip.csproj::TargetFramework=net10.0]
E:\vs\Projects\PlatformIndependentNuGetPackages\SunamoDotNetZip\SunamoDotNetZip\Zlib\ZlibBaseStream.cs(342,13): warning CA2022: Avoid inexact read with 'Ionic.Zlib.ZlibBaseStream.Read(byte[], int, int)' (https://learn.microsoft.com/dotnet/fundamentals/code-analysis/quality-rules/ca2022) [E:\vs\Projects\PlatformIndependentNuGetPackages\SunamoDotNetZip\SunamoDotNetZip\SunamoDotNetZip.csproj::TargetFramework=net10.0]
E:\vs\Projects\PlatformIndependentNuGetPackages\SunamoDotNetZip\SunamoDotNetZip\Zip\ZipEntry.cs(2498,13): warning CA2022: Avoid inexact read with 'System.IO.Stream.Read(byte[], int, int)' (https://learn.microsoft.com/dotnet/fundamentals/code-analysis/quality-rules/ca2022) [E:\vs\Projects\PlatformIndependentNuGetPackages\SunamoDotNetZip\SunamoDotNetZip\SunamoDotNetZip.csproj::TargetFramework=net10.0]
E:\vs\Projects\PlatformIndependentNuGetPackages\SunamoDotNetZip\SunamoDotNetZip\Zip\ZipEntry.Read.cs(38,9): warning CA2022: Avoid inexact read with 'System.IO.Stream.Read(byte[], int, int)' (https://learn.microsoft.com/dotnet/fundamentals/code-analysis/quality-rules/ca2022) [E:\vs\Projects\PlatformIndependentNuGetPackages\SunamoDotNetZip\SunamoDotNetZip\SunamoDotNetZip.csproj::TargetFramework=net10.0]
E:\vs\Projects\PlatformIndependentNuGetPackages\SunamoDotNetZip\SunamoDotNetZip\Zip\ZipFile.Read.cs(567,17): warning CA2022: Avoid inexact read with 'System.IO.Stream.Read(byte[], int, int)' (https://learn.microsoft.com/dotnet/fundamentals/code-analysis/quality-rules/ca2022) [E:\vs\Projects\PlatformIndependentNuGetPackages\SunamoDotNetZip\SunamoDotNetZip\SunamoDotNetZip.csproj::TargetFramework=net10.0]
E:\vs\Projects\PlatformIndependentNuGetPackages\SunamoDotNetZip\SunamoDotNetZip\Zip\ZipFile.Read.cs(618,9): warning CA2022: Avoid inexact read with 'System.IO.Stream.Read(byte[], int, int)' (https://learn.microsoft.com/dotnet/fundamentals/code-analysis/quality-rules/ca2022) [E:\vs\Projects\PlatformIndependentNuGetPackages\SunamoDotNetZip\SunamoDotNetZip\SunamoDotNetZip.csproj::TargetFramework=net10.0]
E:\vs\Projects\PlatformIndependentNuGetPackages\SunamoDotNetZip\SunamoDotNetZip\Zip\ZipFile.Read.cs(628,9): warning CA2022: Avoid inexact read with 'System.IO.Stream.Read(byte[], int, int)' (https://learn.microsoft.com/dotnet/fundamentals/code-analysis/quality-rules/ca2022) [E:\vs\Projects\PlatformIndependentNuGetPackages\SunamoDotNetZip\SunamoDotNetZip\SunamoDotNetZip.csproj::TargetFramework=net10.0]
E:\vs\Projects\PlatformIndependentNuGetPackages\SunamoDotNetZip\SunamoDotNetZip\Zip\ZipFile.Read.cs(631,9): warning CA2022: Avoid inexact read with 'System.IO.Stream.Read(byte[], int, int)' (https://learn.microsoft.com/dotnet/fundamentals/code-analysis/quality-rules/ca2022) [E:\vs\Projects\PlatformIndependentNuGetPackages\SunamoDotNetZip\SunamoDotNetZip\SunamoDotNetZip.csproj::TargetFramework=net10.0]
E:\vs\Projects\PlatformIndependentNuGetPackages\SunamoDotNetZip\SunamoDotNetZip\Zip\ZipFile.Read.cs(760,13): warning CA2022: Avoid inexact read with 'System.IO.Stream.Read(byte[], int, int)' (https://learn.microsoft.com/dotnet/fundamentals/code-analysis/quality-rules/ca2022) [E:\vs\Projects\PlatformIndependentNuGetPackages\SunamoDotNetZip\SunamoDotNetZip\SunamoDotNetZip.csproj::TargetFramework=net10.0]
E:\vs\Projects\PlatformIndependentNuGetPackages\SunamoDotNetZip\SunamoDotNetZip\Zip\ZipFile.Read.cs(772,13): warning CA2022: Avoid inexact read with 'System.IO.Stream.Read(byte[], int, int)' (https://learn.microsoft.com/dotnet/fundamentals/code-analysis/quality-rules/ca2022) [E:\vs\Projects\PlatformIndependentNuGetPackages\SunamoDotNetZip\SunamoDotNetZip\SunamoDotNetZip.csproj::TargetFramework=net10.0]
E:\vs\Projects\PlatformIndependentNuGetPackages\SunamoDotNetZip\SunamoDotNetZip\Zip\ZipFile.Read.cs(778,13): warning CA2022: Avoid inexact read with 'System.IO.Stream.Read(byte[], int, int)' (https://learn.microsoft.com/dotnet/fundamentals/code-analysis/quality-rules/ca2022) [E:\vs\Projects\PlatformIndependentNuGetPackages\SunamoDotNetZip\SunamoDotNetZip\SunamoDotNetZip.csproj::TargetFramework=net10.0]
E:\vs\Projects\PlatformIndependentNuGetPackages\SunamoDotNetZip\SunamoDotNetZip\Zip\ZipFile.Read.cs(792,9): warning CA2022: Avoid inexact read with 'System.IO.Stream.Read(byte[], int, int)' (https://learn.microsoft.com/dotnet/fundamentals/code-analysis/quality-rules/ca2022) [E:\vs\Projects\PlatformIndependentNuGetPackages\SunamoDotNetZip\SunamoDotNetZip\SunamoDotNetZip.csproj::TargetFramework=net10.0]
E:\vs\Projects\PlatformIndependentNuGetPackages\SunamoDotNetZip\SunamoDotNetZip\Zip\ZipFile.Read.cs(816,9): warning CA2022: Avoid inexact read with 'System.IO.Stream.Read(byte[], int, int)' (https://learn.microsoft.com/dotnet/fundamentals/code-analysis/quality-rules/ca2022) [E:\vs\Projects\PlatformIndependentNuGetPackages\SunamoDotNetZip\SunamoDotNetZip\SunamoDotNetZip.csproj::TargetFramework=net10.0]
E:\vs\Projects\PlatformIndependentNuGetPackages\SunamoDotNetZip\SunamoDotNetZip\Zip\ZipFile.Read.cs(821,13): warning CA2022: Avoid inexact read with 'System.IO.Stream.Read(byte[], int, int)' (https://learn.microsoft.com/dotnet/fundamentals/code-analysis/quality-rules/ca2022) [E:\vs\Projects\PlatformIndependentNuGetPackages\SunamoDotNetZip\SunamoDotNetZip\SunamoDotNetZip.csproj::TargetFramework=net10.0]
E:\vs\Projects\PlatformIndependentNuGetPackages\SunamoDotNetZip\SunamoDotNetZip\Zip\ZipEntry.Write.cs(2147,21): warning CA2022: Avoid inexact read with 'Ionic.Zip.CountingStream.Read(byte[], int, int)' (https://learn.microsoft.com/dotnet/fundamentals/code-analysis/quality-rules/ca2022) [E:\vs\Projects\PlatformIndependentNuGetPackages\SunamoDotNetZip\SunamoDotNetZip\SunamoDotNetZip.csproj::TargetFramework=net10.0]
E:\vs\Projects\PlatformIndependentNuGetPackages\SunamoDotNetZip\SunamoDotNetZip\Zip\Deflate64\OutputWindow.cs(8,9): warning CS1570: XML comment has badly formed XML -- 'End tag was not expected at this location.' [E:\vs\Projects\PlatformIndependentNuGetPackages\SunamoDotNetZip\SunamoDotNetZip\SunamoDotNetZip.csproj::TargetFramework=net9.0]
E:\vs\Projects\PlatformIndependentNuGetPackages\SunamoDotNetZip\SunamoDotNetZip\Zip\FileAttributeHelper.cs(6,9): warning CS1570: XML comment has badly formed XML -- 'End tag was not expected at this location.' [E:\vs\Projects\PlatformIndependentNuGetPackages\SunamoDotNetZip\SunamoDotNetZip\SunamoDotNetZip.csproj::TargetFramework=net9.0]
E:\vs\Projects\PlatformIndependentNuGetPackages\SunamoDotNetZip\SunamoDotNetZip\Zip\Exceptions.cs(229,9): warning SYSLIB0051: 'Exception.Exception(SerializationInfo, StreamingContext)' is obsolete: 'This API supports obsolete formatter-based serialization. It should not be called or extended by application code.' (https://aka.ms/dotnet-warnings/SYSLIB0051) [E:\vs\Projects\PlatformIndependentNuGetPackages\SunamoDotNetZip\SunamoDotNetZip\SunamoDotNetZip.csproj::TargetFramework=net9.0]
E:\vs\Projects\PlatformIndependentNuGetPackages\SunamoDotNetZip\SunamoDotNetZip\Zip\Shared.cs(507,37): warning SYSLIB0003: 'SecurityPermission' is obsolete: 'Code Access Security is not supported or honored by the runtime.' (https://aka.ms/dotnet-warnings/SYSLIB0003) [E:\vs\Projects\PlatformIndependentNuGetPackages\SunamoDotNetZip\SunamoDotNetZip\SunamoDotNetZip.csproj::TargetFramework=net9.0]
E:\vs\Projects\PlatformIndependentNuGetPackages\SunamoDotNetZip\SunamoDotNetZip\Zip\Shared.cs(508,21): warning SYSLIB0003: 'SecurityPermissionFlag' is obsolete: 'Code Access Security is not supported or honored by the runtime.' (https://aka.ms/dotnet-warnings/SYSLIB0003) [E:\vs\Projects\PlatformIndependentNuGetPackages\SunamoDotNetZip\SunamoDotNetZip\SunamoDotNetZip.csproj::TargetFramework=net9.0]
E:\vs\Projects\PlatformIndependentNuGetPackages\SunamoDotNetZip\SunamoDotNetZip\Zlib\ZlibBaseStream.cs(342,13): warning CA2022: Avoid inexact read with 'Ionic.Zlib.ZlibBaseStream.Read(byte[], int, int)' (https://learn.microsoft.com/dotnet/fundamentals/code-analysis/quality-rules/ca2022) [E:\vs\Projects\PlatformIndependentNuGetPackages\SunamoDotNetZip\SunamoDotNetZip\SunamoDotNetZip.csproj::TargetFramework=net9.0]
E:\vs\Projects\PlatformIndependentNuGetPackages\SunamoDotNetZip\SunamoDotNetZip\Zip\ZipEntry.cs(2498,13): warning CA2022: Avoid inexact read with 'System.IO.Stream.Read(byte[], int, int)' (https://learn.microsoft.com/dotnet/fundamentals/code-analysis/quality-rules/ca2022) [E:\vs\Projects\PlatformIndependentNuGetPackages\SunamoDotNetZip\SunamoDotNetZip\SunamoDotNetZip.csproj::TargetFramework=net9.0]
E:\vs\Projects\PlatformIndependentNuGetPackages\SunamoDotNetZip\SunamoDotNetZip\Zip\ZipEntry.Read.cs(38,9): warning CA2022: Avoid inexact read with 'System.IO.Stream.Read(byte[], int, int)' (https://learn.microsoft.com/dotnet/fundamentals/code-analysis/quality-rules/ca2022) [E:\vs\Projects\PlatformIndependentNuGetPackages\SunamoDotNetZip\SunamoDotNetZip\SunamoDotNetZip.csproj::TargetFramework=net9.0]
E:\vs\Projects\PlatformIndependentNuGetPackages\SunamoDotNetZip\SunamoDotNetZip\Zip\ZipFile.Read.cs(567,17): warning CA2022: Avoid inexact read with 'System.IO.Stream.Read(byte[], int, int)' (https://learn.microsoft.com/dotnet/fundamentals/code-analysis/quality-rules/ca2022) [E:\vs\Projects\PlatformIndependentNuGetPackages\SunamoDotNetZip\SunamoDotNetZip\SunamoDotNetZip.csproj::TargetFramework=net9.0]
E:\vs\Projects\PlatformIndependentNuGetPackages\SunamoDotNetZip\SunamoDotNetZip\Zip\ZipFile.Read.cs(618,9): warning CA2022: Avoid inexact read with 'System.IO.Stream.Read(byte[], int, int)' (https://learn.microsoft.com/dotnet/fundamentals/code-analysis/quality-rules/ca2022) [E:\vs\Projects\PlatformIndependentNuGetPackages\SunamoDotNetZip\SunamoDotNetZip\SunamoDotNetZip.csproj::TargetFramework=net9.0]
E:\vs\Projects\PlatformIndependentNuGetPackages\SunamoDotNetZip\SunamoDotNetZip\Zip\ZipFile.Read.cs(628,9): warning CA2022: Avoid inexact read with 'System.IO.Stream.Read(byte[], int, int)' (https://learn.microsoft.com/dotnet/fundamentals/code-analysis/quality-rules/ca2022) [E:\vs\Projects\PlatformIndependentNuGetPackages\SunamoDotNetZip\SunamoDotNetZip\SunamoDotNetZip.csproj::TargetFramework=net9.0]
E:\vs\Projects\PlatformIndependentNuGetPackages\SunamoDotNetZip\SunamoDotNetZip\Zip\ZipFile.Read.cs(631,9): warning CA2022: Avoid inexact read with 'System.IO.Stream.Read(byte[], int, int)' (https://learn.microsoft.com/dotnet/fundamentals/code-analysis/quality-rules/ca2022) [E:\vs\Projects\PlatformIndependentNuGetPackages\SunamoDotNetZip\SunamoDotNetZip\SunamoDotNetZip.csproj::TargetFramework=net9.0]
E:\vs\Projects\PlatformIndependentNuGetPackages\SunamoDotNetZip\SunamoDotNetZip\Zip\ZipFile.Read.cs(760,13): warning CA2022: Avoid inexact read with 'System.IO.Stream.Read(byte[], int, int)' (https://learn.microsoft.com/dotnet/fundamentals/code-analysis/quality-rules/ca2022) [E:\vs\Projects\PlatformIndependentNuGetPackages\SunamoDotNetZip\SunamoDotNetZip\SunamoDotNetZip.csproj::TargetFramework=net9.0]
E:\vs\Projects\PlatformIndependentNuGetPackages\SunamoDotNetZip\SunamoDotNetZip\Zip\ZipFile.Read.cs(772,13): warning CA2022: Avoid inexact read with 'System.IO.Stream.Read(byte[], int, int)' (https://learn.microsoft.com/dotnet/fundamentals/code-analysis/quality-rules/ca2022) [E:\vs\Projects\PlatformIndependentNuGetPackages\SunamoDotNetZip\SunamoDotNetZip\SunamoDotNetZip.csproj::TargetFramework=net9.0]
E:\vs\Projects\PlatformIndependentNuGetPackages\SunamoDotNetZip\SunamoDotNetZip\Zip\ZipFile.Read.cs(778,13): warning CA2022: Avoid inexact read with 'System.IO.Stream.Read(byte[], int, int)' (https://learn.microsoft.com/dotnet/fundamentals/code-analysis/quality-rules/ca2022) [E:\vs\Projects\PlatformIndependentNuGetPackages\SunamoDotNetZip\SunamoDotNetZip\SunamoDotNetZip.csproj::TargetFramework=net9.0]
E:\vs\Projects\PlatformIndependentNuGetPackages\SunamoDotNetZip\SunamoDotNetZip\Zip\ZipFile.Read.cs(792,9): warning CA2022: Avoid inexact read with 'System.IO.Stream.Read(byte[], int, int)' (https://learn.microsoft.com/dotnet/fundamentals/code-analysis/quality-rules/ca2022) [E:\vs\Projects\PlatformIndependentNuGetPackages\SunamoDotNetZip\SunamoDotNetZip\SunamoDotNetZip.csproj::TargetFramework=net9.0]
E:\vs\Projects\PlatformIndependentNuGetPackages\SunamoDotNetZip\SunamoDotNetZip\Zip\ZipFile.Read.cs(816,9): warning CA2022: Avoid inexact read with 'System.IO.Stream.Read(byte[], int, int)' (https://learn.microsoft.com/dotnet/fundamentals/code-analysis/quality-rules/ca2022) [E:\vs\Projects\PlatformIndependentNuGetPackages\SunamoDotNetZip\SunamoDotNetZip\SunamoDotNetZip.csproj::TargetFramework=net9.0]
E:\vs\Projects\PlatformIndependentNuGetPackages\SunamoDotNetZip\SunamoDotNetZip\Zip\ZipFile.Read.cs(821,13): warning CA2022: Avoid inexact read with 'System.IO.Stream.Read(byte[], int, int)' (https://learn.microsoft.com/dotnet/fundamentals/code-analysis/quality-rules/ca2022) [E:\vs\Projects\PlatformIndependentNuGetPackages\SunamoDotNetZip\SunamoDotNetZip\SunamoDotNetZip.csproj::TargetFramework=net9.0]
E:\vs\Projects\PlatformIndependentNuGetPackages\SunamoDotNetZip\SunamoDotNetZip\Zip\ZipEntry.Write.cs(2147,21): warning CA2022: Avoid inexact read with 'Ionic.Zip.CountingStream.Read(byte[], int, int)' (https://learn.microsoft.com/dotnet/fundamentals/code-analysis/quality-rules/ca2022) [E:\vs\Projects\PlatformIndependentNuGetPackages\SunamoDotNetZip\SunamoDotNetZip\SunamoDotNetZip.csproj::TargetFramework=net9.0]
E:\vs\Projects\PlatformIndependentNuGetPackages\SunamoDotNetZip\SunamoDotNetZip\BZip2\ParallelBZip2OutputStream.cs(186,22): error CS0246: The type or namespace name 'Lock' could not be found (are you missing a using directive or an assembly reference?) [E:\vs\Projects\PlatformIndependentNuGetPackages\SunamoDotNetZip\SunamoDotNetZip\SunamoDotNetZip.csproj::TargetFramework=net8.0]
E:\vs\Projects\PlatformIndependentNuGetPackages\SunamoDotNetZip\SunamoDotNetZip\BZip2\ParallelBZip2OutputStream.cs(187,22): error CS0246: The type or namespace name 'Lock' could not be found (are you missing a using directive or an assembly reference?) [E:\vs\Projects\PlatformIndependentNuGetPackages\SunamoDotNetZip\SunamoDotNetZip\SunamoDotNetZip.csproj::TargetFramework=net8.0]
E:\vs\Projects\PlatformIndependentNuGetPackages\SunamoDotNetZip\SunamoDotNetZip\BZip2\ParallelBZip2OutputStream.cs(188,22): error CS0246: The type or namespace name 'Lock' could not be found (are you missing a using directive or an assembly reference?) [E:\vs\Projects\PlatformIndependentNuGetPackages\SunamoDotNetZip\SunamoDotNetZip\SunamoDotNetZip.csproj::TargetFramework=net8.0]
E:\vs\Projects\PlatformIndependentNuGetPackages\SunamoDotNetZip\SunamoDotNetZip\Zlib\ParallelDeflateOutputStream.cs(101,22): error CS0246: The type or namespace name 'Lock' could not be found (are you missing a using directive or an assembly reference?) [E:\vs\Projects\PlatformIndependentNuGetPackages\SunamoDotNetZip\SunamoDotNetZip\SunamoDotNetZip.csproj::TargetFramework=net8.0]
E:\vs\Projects\PlatformIndependentNuGetPackages\SunamoDotNetZip\SunamoDotNetZip\Zlib\ParallelDeflateOutputStream.cs(110,22): error CS0246: The type or namespace name 'Lock' could not be found (are you missing a using directive or an assembly reference?) [E:\vs\Projects\PlatformIndependentNuGetPackages\SunamoDotNetZip\SunamoDotNetZip\SunamoDotNetZip.csproj::TargetFramework=net8.0]
E:\vs\Projects\PlatformIndependentNuGetPackages\SunamoDotNetZip\SunamoDotNetZip\Zlib\ParallelDeflateOutputStream.cs(117,22): error CS0246: The type or namespace name 'Lock' could not be found (are you missing a using directive or an assembly reference?) [E:\vs\Projects\PlatformIndependentNuGetPackages\SunamoDotNetZip\SunamoDotNetZip\SunamoDotNetZip.csproj::TargetFramework=net8.0]
E:\vs\Projects\PlatformIndependentNuGetPackages\SunamoDotNetZip\SunamoDotNetZip\Zip\ZipFile.cs(3549,22): error CS0246: The type or namespace name 'Lock' could not be found (are you missing a using directive or an assembly reference?) [E:\vs\Projects\PlatformIndependentNuGetPackages\SunamoDotNetZip\SunamoDotNetZip\SunamoDotNetZip.csproj::TargetFramework=net8.0]
E:\vs\Projects\PlatformIndependentNuGetPackages\SunamoDotNetZip\SunamoDotNetZip\Zip\ZipEntry.Write.cs(2250,26): error CS0246: The type or namespace name 'Lock' could not be found (are you missing a using directive or an assembly reference?) [E:\vs\Projects\PlatformIndependentNuGetPackages\SunamoDotNetZip\SunamoDotNetZip\SunamoDotNetZip.csproj::TargetFramework=net8.0]
E:\vs\Projects\PlatformIndependentNuGetPackages\SunamoDotNetZip\SunamoDotNetZip\Zip\ZipFile.Save.cs(640,17): error CS0103: The name 't' does not exist in the current context [E:\vs\Projects\PlatformIndependentNuGetPackages\SunamoDotNetZip\SunamoDotNetZip\SunamoDotNetZip.csproj::TargetFramework=net10.0]
E:\vs\Projects\PlatformIndependentNuGetPackages\SunamoDotNetZip\SunamoDotNetZip\Zip\ZipFile.Save.cs(641,42): error CS0103: The name 't' does not exist in the current context [E:\vs\Projects\PlatformIndependentNuGetPackages\SunamoDotNetZip\SunamoDotNetZip\SunamoDotNetZip.csproj::TargetFramework=net10.0]
E:\vs\Projects\PlatformIndependentNuGetPackages\SunamoDotNetZip\SunamoDotNetZip\Zip\ZipFile.Save.cs(643,26): error CS0103: The name 't' does not exist in the current context [E:\vs\Projects\PlatformIndependentNuGetPackages\SunamoDotNetZip\SunamoDotNetZip\SunamoDotNetZip.csproj::TargetFramework=net10.0]
E:\vs\Projects\PlatformIndependentNuGetPackages\SunamoDotNetZip\SunamoDotNetZip\Zip\ZipEntry.Read.cs(252,35): error CS0103: The name 's' does not exist in the current context [E:\vs\Projects\PlatformIndependentNuGetPackages\SunamoDotNetZip\SunamoDotNetZip\SunamoDotNetZip.csproj::TargetFramework=net10.0]
E:\vs\Projects\PlatformIndependentNuGetPackages\SunamoDotNetZip\SunamoDotNetZip\Zip\ZipEntry.Read.cs(254,99): error CS0103: The name 's' does not exist in the current context [E:\vs\Projects\PlatformIndependentNuGetPackages\SunamoDotNetZip\SunamoDotNetZip\SunamoDotNetZip.csproj::TargetFramework=net10.0]
E:\vs\Projects\PlatformIndependentNuGetPackages\SunamoDotNetZip\SunamoDotNetZip\Zip\ZipFile.Save.cs(640,17): error CS0103: The name 't' does not exist in the current context [E:\vs\Projects\PlatformIndependentNuGetPackages\SunamoDotNetZip\SunamoDotNetZip\SunamoDotNetZip.csproj::TargetFramework=net9.0]
E:\vs\Projects\PlatformIndependentNuGetPackages\SunamoDotNetZip\SunamoDotNetZip\Zip\ZipFile.Save.cs(641,42): error CS0103: The name 't' does not exist in the current context [E:\vs\Projects\PlatformIndependentNuGetPackages\SunamoDotNetZip\SunamoDotNetZip\SunamoDotNetZip.csproj::TargetFramework=net9.0]
E:\vs\Projects\PlatformIndependentNuGetPackages\SunamoDotNetZip\SunamoDotNetZip\Zip\ZipFile.Save.cs(643,26): error CS0103: The name 't' does not exist in the current context [E:\vs\Projects\PlatformIndependentNuGetPackages\SunamoDotNetZip\SunamoDotNetZip\SunamoDotNetZip.csproj::TargetFramework=net9.0]
E:\vs\Projects\PlatformIndependentNuGetPackages\SunamoDotNetZip\SunamoDotNetZip\Zip\ZipEntry.Read.cs(252,35): error CS0103: The name 's' does not exist in the current context [E:\vs\Projects\PlatformIndependentNuGetPackages\SunamoDotNetZip\SunamoDotNetZip\SunamoDotNetZip.csproj::TargetFramework=net9.0]
E:\vs\Projects\PlatformIndependentNuGetPackages\SunamoDotNetZip\SunamoDotNetZip\Zip\ZipEntry.Read.cs(254,99): error CS0103: The name 's' does not exist in the current context [E:\vs\Projects\PlatformIndependentNuGetPackages\SunamoDotNetZip\SunamoDotNetZip\SunamoDotNetZip.csproj::TargetFramework=net9.0]
    40 Warning(s)
    18 Error(s)

Time Elapsed 00:00:05.34
